[0;33m[VAI_C][Warning] layer [dense_66_Softmax] (type: Softmax) is not supported in DPU, deploy it in CPU instead.
[m
Kernel topology "densenetx_kernel_graph.jpg" for network "densenetx"
kernel list info for network "densenetx"
                               Kernel ID : Name
                                       0 : densenetx_0
                                       1 : densenetx_1

                             Kernel Name : densenetx_0
--------------------------------------------------------------------------------
                             Kernel Type : DPUKernel
                               Code Size : 0.02MB
                              Param Size : 0.19MB
                           Workload MACs : 172.96MOPS
                         IO Memory Space : 0.41MB
                              Mean Value : 0, 0, 0, 
                      Total Tensor Count : 9
                Boundary Input Tensor(s)   (H*W*C)
                   conv2d_194_input:0(0) : 200*200*3

               Boundary Output Tensor(s)   (H*W*C)
                    dense_66_MatMul:0(0) : 1*1*10

                        Total Node Count : 8
                           Input Node(s)   (H*W*C)
                    conv2d_194_Conv2D(0) : 200*200*3

                          Output Node(s)   (H*W*C)
                      dense_66_MatMul(0) : 1*1*10




                             Kernel Name : densenetx_1
--------------------------------------------------------------------------------
                             Kernel Type : CPUKernel
                Boundary Input Tensor(s)   (H*W*C)
                   dense_66_Softmax:0(0) : 1*1*10

               Boundary Output Tensor(s)   (H*W*C)
                   dense_66_Softmax:0(0) : 1*1*10

                           Input Node(s)   (H*W*C)
                        dense_66_Softmax : 1*1*10

                          Output Node(s)   (H*W*C)
                        dense_66_Softmax : 1*1*10




**************************************************
* VITIS_AI Compilation - Xilinx Inc.
**************************************************
